===Validating user====
===User.find===
Successfully sent generic message with id mid.1467633924302:c936da5d00e1ed4c65 to recipient 1155742751164216
